Don't worry, spiders,
I keep house
The quick brown fox jumps over the lazy dog.
The bustle in a house
The morning after death
